// Jest Snapshot v1, https://goo.gl/fbAQLP

exports[`RepoDetailView renders correctly 1`] = `
<View
  style={
    Object {
      "backgroundColor": "white",
      "flex": 1,
    }
  }
>
  <View
    style={
      Object {
        "alignItems": "center",
        "backgroundColor": "lightgrey",
        "flexDirection": "column",
        "height": 200,
        "justifyContent": "center",
        "padding": 10,
      }
    }
  >
    <Text
      accessible={true}
      allowFontScaling={true}
      ellipsizeMode="tail"
      style={
        Object {
          "color": "#EC5D57",
          "fontSize": 42,
        }
      }
    >
      bootstrap
    </Text>
    <Image
      source={
        Object {
          "uri": "https://avatars3.githubusercontent.com/u/2918581?v=3",
        }
      }
      style={
        Object {
          "borderRadius": 25,
          "height": 50,
          "marginBottom": 10,
          "marginTop": 20,
          "width": 50,
        }
      }
    />
    <Text
      accessible={true}
      allowFontScaling={true}
      ellipsizeMode="tail"
    >
      by 
      twbs
    </Text>
    <View
      style={
        Object {
          "flex": 1,
          "flexDirection": "row",
          "marginTop": 10,
        }
      }
    >
      <View
        style={
          Object {
            "flexDirection": "row",
            "flexWrap": "wrap",
            "paddingRight": 10,
          }
        }
      >
        <Text
          accessible={true}
          allowFontScaling={false}
          ellipsizeMode="tail"
          style={
            Array [
              Object {
                "color": undefined,
                "fontSize": 16,
              },
              Object {
                "color": "#f1e05a",
                "paddingRight": 2,
              },
              Object {
                "fontFamily": "Material Icons",
                "fontStyle": "normal",
                "fontWeight": "normal",
              },
            ]
          }
        >
          
        </Text>
        <Text
          accessible={true}
          allowFontScaling={true}
          ellipsizeMode="tail"
          style={
            Object {
              "color": "dimgrey",
              "fontSize": 12,
            }
          }
        >
          JavaScript
        </Text>
      </View>
      <View
        style={
          Object {
            "flexDirection": "row",
            "flexWrap": "wrap",
            "paddingRight": 10,
          }
        }
      >
        <Text
          accessible={true}
          allowFontScaling={false}
          ellipsizeMode="tail"
          style={
            Array [
              Object {
                "color": undefined,
                "fontSize": 16,
              },
              Object {
                "color": "grey",
                "paddingRight": 2,
              },
              Object {
                "fontFamily": "Material Icons",
                "fontStyle": "normal",
                "fontWeight": "normal",
              },
            ]
          }
        >
          
        </Text>
        <Text
          accessible={true}
          allowFontScaling={true}
          ellipsizeMode="tail"
          style={
            Object {
              "color": "dimgrey",
              "fontSize": 12,
            }
          }
        >
          110759
        </Text>
      </View>
      <View
        style={
          Object {
            "flexDirection": "row",
            "flexWrap": "wrap",
            "paddingRight": 10,
          }
        }
      >
        <Text
          accessible={true}
          allowFontScaling={false}
          ellipsizeMode="tail"
          style={
            Array [
              Object {
                "color": undefined,
                "fontSize": 16,
              },
              Object {
                "color": "grey",
                "paddingRight": 2,
              },
              Object {
                "fontFamily": "Material Icons",
                "fontStyle": "normal",
                "fontWeight": "normal",
              },
            ]
          }
        >
          
        </Text>
        <Text
          accessible={true}
          allowFontScaling={true}
          ellipsizeMode="tail"
          style={
            Object {
              "color": "dimgrey",
              "fontSize": 12,
            }
          }
        >
          6939
        </Text>
      </View>
    </View>
  </View>
  <View
    style={
      Object {
        "flex": 1,
        "margin": 20,
      }
    }
  >
    <RCTScrollView
      accessibilityLabel="scrollview"
      alwaysBounceHorizontal={undefined}
      alwaysBounceVertical={true}
      onContentSizeChange={null}
      onMomentumScrollBegin={[Function]}
      onMomentumScrollEnd={[Function]}
      onResponderGrant={[Function]}
      onResponderReject={[Function]}
      onResponderRelease={[Function]}
      onResponderTerminate={undefined}
      onResponderTerminationRequest={[Function]}
      onScroll={[Function]}
      onScrollBeginDrag={[Function]}
      onScrollEndDrag={[Function]}
      onScrollShouldSetResponder={[Function]}
      onStartShouldSetResponder={[Function]}
      onStartShouldSetResponderCapture={[Function]}
      onTouchEnd={[Function]}
      onTouchMove={[Function]}
      onTouchStart={[Function]}
      scrollEventThrottle={undefined}
      sendMomentumEvents={false}
      style={
        Array [
          Object {
            "flexDirection": "column",
            "flexGrow": 1,
            "flexShrink": 1,
            "overflow": "scroll",
          },
          Object {
            "flex": 1,
          },
        ]
      }
      testID="scrollview"
    >
      <RCTScrollContentView
        collapsable={false}
        removeClippedSubviews={undefined}
        style={
          Array [
            undefined,
            undefined,
          ]
        }
      >
        <Text
          accessible={true}
          allowFontScaling={true}
          ellipsizeMode="tail"
          style={
            Object {
              "marginBottom": 20,
            }
          }
        >
          The most popular HTML, CSS, and JavaScript framework for developing responsive, mobile first projects on the web.
        </Text>
        <View
          accessibilityComponentType="button"
          accessibilityLabel={undefined}
          accessibilityTraits={
            Array [
              "button",
            ]
          }
          accessible={true}
          hitSlop={undefined}
          isTVSelectable={true}
          onLayout={undefined}
          onResponderGrant={[Function]}
          onResponderMove={[Function]}
          onResponderRelease={[Function]}
          onResponderTerminate={[Function]}
          onResponderTerminationRequest={[Function]}
          onStartShouldSetResponder={[Function]}
          style={
            Object {
              "opacity": 1,
            }
          }
          testID={undefined}
          tvParallaxProperties={undefined}
        >
          <View
            style={
              Array [
                Object {},
              ]
            }
          >
            <Text
              accessible={true}
              allowFontScaling={true}
              ellipsizeMode="tail"
              style={
                Array [
                  Object {
                    "color": "#0C42FD",
                    "fontSize": 18,
                    "padding": 8,
                    "textAlign": "center",
                  },
                  Object {
                    "color": "#EC5D57",
                  },
                ]
              }
            >
              View Repo on GitHub
            </Text>
          </View>
        </View>
      </RCTScrollContentView>
    </RCTScrollView>
  </View>
</View>
`;
